Archive member included to satisfy reference by file (symbol)

E:/Program files/STM32CubeIDE_1.18.1/STM32CubeIDE/plugins/com.st.stm32cube.ide.mcu.externaltools.gnu-tools-for-stm32.13.3.rel1.win32_1.0.0.202411081344/tools/bin/../lib/gcc/arm-none-eabi/13.3.1/../../../../arm-none-eabi/lib/thumb/v7-m/nofp\libc_nano.a(libc_a-exit.o)
                              E:/Program files/STM32CubeIDE_1.18.1/STM32CubeIDE/plugins/com.st.stm32cube.ide.mcu.externaltools.gnu-tools-for-stm32.13.3.rel1.win32_1.0.0.202411081344/tools/bin/../lib/gcc/arm-none-eabi/13.3.1/../../../../arm-none-eabi/lib/thumb/v7-m/nofp/crt0.o (exit)
E:/Program files/STM32CubeIDE_1.18.1/STM32CubeIDE/plugins/com.st.stm32cube.ide.mcu.externaltools.gnu-tools-for-stm32.13.3.rel1.win32_1.0.0.202411081344/tools/bin/../lib/gcc/arm-none-eabi/13.3.1/../../../../arm-none-eabi/lib/thumb/v7-m/nofp\libc_nano.a(libc_a-findfp.o)
                              E:/Program files/STM32CubeIDE_1.18.1/STM32CubeIDE/plugins/com.st.stm32cube.ide.mcu.externaltools.gnu-tools-for-stm32.13.3.rel1.win32_1.0.0.202411081344/tools/bin/../lib/gcc/arm-none-eabi/13.3.1/../../../../arm-none-eabi/lib/thumb/v7-m/nofp\libc_nano.a(libc_a-exit.o) (__stdio_exit_handler)
E:/Program files/STM32CubeIDE_1.18.1/STM32CubeIDE/plugins/com.st.stm32cube.ide.mcu.externaltools.gnu-tools-for-stm32.13.3.rel1.win32_1.0.0.202411081344/tools/bin/../lib/gcc/arm-none-eabi/13.3.1/../../../../arm-none-eabi/lib/thumb/v7-m/nofp\libc_nano.a(libc_a-fwalk.o)
                              E:/Program files/STM32CubeIDE_1.18.1/STM32CubeIDE/plugins/com.st.stm32cube.ide.mcu.externaltools.gnu-tools-for-stm32.13.3.rel1.win32_1.0.0.202411081344/tools/bin/../lib/gcc/arm-none-eabi/13.3.1/../../../../arm-none-eabi/lib/thumb/v7-m/nofp\libc_nano.a(libc_a-findfp.o) (_fwalk_sglue)
E:/Program files/STM32CubeIDE_1.18.1/STM32CubeIDE/plugins/com.st.stm32cube.ide.mcu.externaltools.gnu-tools-for-stm32.13.3.rel1.win32_1.0.0.202411081344/tools/bin/../lib/gcc/arm-none-eabi/13.3.1/../../../../arm-none-eabi/lib/thumb/v7-m/nofp\libc_nano.a(libc_a-sprintf.o)
                              ./Core/Src/sim800l.o (sprintf)
E:/Program files/STM32CubeIDE_1.18.1/STM32CubeIDE/plugins/com.st.stm32cube.ide.mcu.externaltools.gnu-tools-for-stm32.13.3.rel1.win32_1.0.0.202411081344/tools/bin/../lib/gcc/arm-none-eabi/13.3.1/../../../../arm-none-eabi/lib/thumb/v7-m/nofp\libc_nano.a(libc_a-stdio.o)
                              E:/Program files/STM32CubeIDE_1.18.1/STM32CubeIDE/plugins/com.st.stm32cube.ide.mcu.externaltools.gnu-tools-for-stm32.13.3.rel1.win32_1.0.0.202411081344/tools/bin/../lib/gcc/arm-none-eabi/13.3.1/../../../../arm-none-eabi/lib/thumb/v7-m/nofp\libc_nano.a(libc_a-findfp.o) (__sread)
E:/Program files/STM32CubeIDE_1.18.1/STM32CubeIDE/plugins/com.st.stm32cube.ide.mcu.externaltools.gnu-tools-for-stm32.13.3.rel1.win32_1.0.0.202411081344/tools/bin/../lib/gcc/arm-none-eabi/13.3.1/../../../../arm-none-eabi/lib/thumb/v7-m/nofp\libc_nano.a(libc_a-memset.o)
                              E:/Program files/STM32CubeIDE_1.18.1/STM32CubeIDE/plugins/com.st.stm32cube.ide.mcu.externaltools.gnu-tools-for-stm32.13.3.rel1.win32_1.0.0.202411081344/tools/bin/../lib/gcc/arm-none-eabi/13.3.1/../../../../arm-none-eabi/lib/thumb/v7-m/nofp/crt0.o (memset)
E:/Program files/STM32CubeIDE_1.18.1/STM32CubeIDE/plugins/com.st.stm32cube.ide.mcu.externaltools.gnu-tools-for-stm32.13.3.rel1.win32_1.0.0.202411081344/tools/bin/../lib/gcc/arm-none-eabi/13.3.1/../../../../arm-none-eabi/lib/thumb/v7-m/nofp\libc_nano.a(libc_a-closer.o)
                              E:/Program files/STM32CubeIDE_1.18.1/STM32CubeIDE/plugins/com.st.stm32cube.ide.mcu.externaltools.gnu-tools-for-stm32.13.3.rel1.win32_1.0.0.202411081344/tools/bin/../lib/gcc/arm-none-eabi/13.3.1/../../../../arm-none-eabi/lib/thumb/v7-m/nofp\libc_nano.a(libc_a-stdio.o) (_close_r)
E:/Program files/STM32CubeIDE_1.18.1/STM32CubeIDE/plugins/com.st.stm32cube.ide.mcu.externaltools.gnu-tools-for-stm32.13.3.rel1.win32_1.0.0.202411081344/tools/bin/../lib/gcc/arm-none-eabi/13.3.1/../../../../arm-none-eabi/lib/thumb/v7-m/nofp\libc_nano.a(libc_a-reent.o)
                              E:/Program files/STM32CubeIDE_1.18.1/STM32CubeIDE/plugins/com.st.stm32cube.ide.mcu.externaltools.gnu-tools-for-stm32.13.3.rel1.win32_1.0.0.202411081344/tools/bin/../lib/gcc/arm-none-eabi/13.3.1/../../../../arm-none-eabi/lib/thumb/v7-m/nofp\libc_nano.a(libc_a-closer.o) (errno)
E:/Program files/STM32CubeIDE_1.18.1/STM32CubeIDE/plugins/com.st.stm32cube.ide.mcu.externaltools.gnu-tools-for-stm32.13.3.rel1.win32_1.0.0.202411081344/tools/bin/../lib/gcc/arm-none-eabi/13.3.1/../../../../arm-none-eabi/lib/thumb/v7-m/nofp\libc_nano.a(libc_a-impure.o)
                              E:/Program files/STM32CubeIDE_1.18.1/STM32CubeIDE/plugins/com.st.stm32cube.ide.mcu.externaltools.gnu-tools-for-stm32.13.3.rel1.win32_1.0.0.202411081344/tools/bin/../lib/gcc/arm-none-eabi/13.3.1/../../../../arm-none-eabi/lib/thumb/v7-m/nofp\libc_nano.a(libc_a-sprintf.o) (_impure_ptr)
[...]
Memory Configuration

Name             Origin             Length             Attributes
RAM              0x20000000         0x00005000         xrw
FLASH            0x08000000         0x00010000         xr
*default*        0x00000000         0xffffffff

Linker script and memory map

LOAD E:/Program files/STM32CubeIDE_1.18.1/STM32CubeIDE/plugins/com.st.stm32cube.ide.mcu.externaltools.gnu-tools-for-stm32.13.3.rel1.win32_1.0.0.202411081344/tools/bin/../lib/gcc/arm-none-eabi/13.3.1/thumb/v7-m/nofp/crti.o
LOAD E:/Program files/STM32CubeIDE_1.18.1/STM32CubeIDE/plugins/com.st.stm32cube.ide.mcu.externaltools.gnu-tools-for-stm32.13.3.rel1.win32_1.0.0.202411081344/tools/bin/../lib/gcc/arm-none-eabi/13.3.1/thumb/v7-m/nofp/crtbegin.o
LOAD E:/Program files/STM32CubeIDE_1.18.1/STM32CubeIDE/plugins/com.st.stm32cube.ide.mcu.externaltools.gnu-tools-for-stm32.13.3.rel1.win32_1.0.0.202411081344/tools/bin/../lib/gcc/arm-none-eabi/13.3.1/../../../../arm-none-eabi/lib/thumb/v7-m/nofp/crt0.o
LOAD ./Core/Src/general.o
LOAD ./Core/Src/main.o
LOAD ./Core/Src/oled.o
LOAD ./Core/Src/sim800l.o
LOAD ./Core/Src/stm32f1xx_hal_msp.o
LOAD ./Core/Src/stm32f1xx_it.o
LOAD ./Core/Src/syscalls.o
LOAD ./Core/Src/sysmem.o
LOAD ./Core/Src/system_stm32f1xx.o
LOAD ./Core/Startup/startup_stm32f103c8tx.o
LOAD ./Drivers/Middlewares/SSD1306/fonts.o
LOAD ./Drivers/Middlewares/SSD1306/ssd1306.o
LOAD ./Drivers/STM32F1xx_HAL_Driver/Src/stm32f1xx_hal.o
LOAD ./Drivers/STM32F1xx_HAL_Driver/Src/stm32f1xx_hal_cortex.o
LOAD ./Drivers/STM32F1xx_HAL_Driver/Src/stm32f1xx_hal_dma.o
LOAD ./Drivers/STM32F1xx_HAL_Driver/Src/stm32f1xx_hal_exti.o
LOAD ./Drivers/STM32F1xx_HAL_Driver/Src/stm32f1xx_hal_flash.o
LOAD ./Drivers/STM32F1xx_HAL_Driver/Src/stm32f1xx_hal_flash_ex.o
LOAD ./Drivers/STM32F1xx_HAL_Driver/Src/stm32f1xx_hal_gpio.o
LOAD ./Drivers/STM32F1xx_HAL_Driver/Src/stm32f1xx_hal_gpio_ex.o
LOAD ./Drivers/STM32F1xx_HAL_Driver/Src/stm32f1xx_hal_i2c.o
LOAD ./Drivers/STM32F1xx_HAL_Driver/Src/stm32f1xx_hal_pwr.o
LOAD ./Drivers/STM32F1xx_HAL_Driver/Src/stm32f1xx_hal_rcc.o
LOAD ./Drivers/STM32F1xx_HAL_Driver/Src/stm32f1xx_hal_rcc_ex.o
LOAD ./Drivers/STM32F1xx_HAL_Driver/Src/stm32f1xx_hal_uart.o
START GROUP
LOAD E:/Program files/STM32CubeIDE_1.18.1/STM32CubeIDE/plugins/com.st.stm32cube.ide.mcu.externaltools.gnu-tools-for-stm32.13.3.rel1.win32_1.0.0.202411081344/tools/bin/../lib/gcc/arm-none-eabi/13.3.1/../../../../arm-none-eabi/lib/thumb/v7-m/nofp\libc_nano.a
LOAD E:/Program files/STM32CubeIDE_1.18.1/STM32CubeIDE/plugins/com.st.stm32cube.ide.mcu.externaltools.gnu-tools-for-stm32.13.3.rel1.win32_1.0.0.202411081344/tools/bin/../lib/gcc/arm-none-eabi/13.3.1/../../../../arm-none-eabi/lib/thumb/v7-m/nofp\libm.a
END GROUP
START GROUP
LOAD E:/Program files/STM32CubeIDE_1.18.1/STM32CubeIDE/plugins/com.st.stm32cube.ide.mcu.externaltools.gnu-tools-for-stm32.13.3.rel1.win32_1.0.0.202411081344/tools/bin/../lib/gcc/arm-none-eabi/13.3.1/thumb/v7-m/nofp\libgcc.a
LOAD E:/Program files/STM32CubeIDE_1.18.1/STM32CubeIDE/plugins/com.st.stm32cube.ide.mcu.externaltools.gnu-tools-for-stm32.13.3.rel1.win32_1.0.0.202411081344/tools/bin/../lib/gcc/arm-none-eabi/13.3.1/../../../../arm-none-eabi/lib/thumb/v7-m/nofp\libc_nano.a
END GROUP
START GROUP
LOAD E:/Program files/STM32CubeIDE_1.18.1/STM32CubeIDE/plugins/com.st.stm32cube.ide.mcu.externaltools.gnu-tools-for-stm32.13.3.rel1.win32_1.0.0.202411081344/tools/bin/../lib/gcc/arm-none-eabi/13.3.1/thumb/v7-m/nofp\libgcc.a
LOAD E:/Program files/STM32CubeIDE_1.18.1/STM32CubeIDE/plugins/com.st.stm32cube.ide.mcu.externaltools.gnu-tools-for-stm32.13.3.rel1.win32_1.0.0.202411081344/tools/bin/../lib/gcc/arm-none-eabi/13.3.1/../../../../arm-none-eabi/lib/thumb/v7-m/nofp\libc_nano.a
LOAD E:/Program files/STM32CubeIDE_1.18.1/STM32CubeIDE/plugins/com.st.stm32cube.ide.mcu.externaltools.gnu-tools-for-stm32.13.3.rel1.win32_1.0.0.202411081344/tools/bin/../lib/gcc/arm-none-eabi/13.3.1/../../../../arm-none-eabi/lib/thumb/v7-m/nofp\libnosys.a
END GROUP
START GROUP
LOAD E:/Program files/STM32CubeIDE_1.18.1/STM32CubeIDE/plugins/com.st.stm32cube.ide.mcu.externaltools.gnu-tools-for-stm32.13.3.rel1.win32_1.0.0.202411081344/tools/bin/../lib/gcc/arm-none-eabi/13.3.1/thumb/v7-m/nofp\libgcc.a
LOAD E:/Program files/STM32CubeIDE_1.18.1/STM32CubeIDE/plugins/com.st.stm32cube.ide.mcu.externaltools.gnu-tools-for-stm32.13.3.rel1.win32_1.0.0.202411081344/tools/bin/../lib/gcc/arm-none-eabi/13.3.1/../../../../arm-none-eabi/lib/thumb/v7-m/nofp\libc_nano.a
LOAD E:/Program files/STM32CubeIDE_1.18.1/STM32CubeIDE/plugins/com.st.stm32cube.ide.mcu.externaltools.gnu-tools-for-stm32.13.3.rel1.win32_1.0.0.202411081344/tools/bin/../lib/gcc/arm-none-eabi/13.3.1/../../../../arm-none-eabi/lib/thumb/v7-m/nofp\libnosys.a
END GROUP
LOAD E:/Program files/STM32CubeIDE_1.18.1/STM32CubeIDE/plugins/com.st.stm32cube.ide.mcu.externaltools.gnu-tools-for-stm32.13.3.rel1.win32_1.0.0.202411081344/tools/bin/../lib/gcc/arm-none-eabi/13.3.1/thumb/v7-m/nofp/crtend.o
LOAD E:/Program files/STM32CubeIDE_1.18.1/STM32CubeIDE/plugins/com.st.stm32cube.ide.mcu.externaltools.gnu-tools-for-stm32.13.3.rel1.win32_1.0.0.202411081344/tools/bin/../lib/gcc/arm-none-eabi/13.3.1/thumb/v7-m/nofp/crtn.o
                0x20005000                        _estack = (ORIGIN (RAM) + LENGTH (RAM))
                0x00000200                        _Min_Heap_Size = 0x200
                0x00000400                        _Min_Stack_Size = 0x400

.isr_vector     0x08000000      0x10c
                0x08000000                        . = ALIGN (0x4)
 *(.isr_vector)
 .isr_vector    0x08000000      0x10c ./Core/Startup/startup_stm32f103c8tx.o
                0x08000000                g_pfnVectors
                0x0800010c                        . = ALIGN (0x4)

.text           0x0800010c     0x2db8
                0x0800010c                        . = ALIGN (0x4)
 *(.text)
 .text          0x0800010c       0x40 E:/Program files/STM32CubeIDE_1.18.1/STM32CubeIDE/plugins/com.st.stm32cube.ide.mcu.externaltools.gnu-tools-for-stm32.13.3.rel1.win32_1.0.0.202411081344/tools/bin/../lib/gcc/arm-none-eabi/13.3.1/thumb/v7-m/nofp/crtbegin.o
 *(.text*)
 .text.General_Run
                0x0800014c       0x8c ./Core/Src/general.o
                0x0800014c                General_Run
 .text.main     0x080001d8       0x24 ./Core/Src/main.o
                0x080001d8                main
 .text.SystemClock_Config
                0x080001fc       0x8a ./Core/Src/main.o
                0x080001fc                SystemClock_Config
 *fill*         0x08000286        0x2 
 .text.MX_I2C1_Init
                0x08000288       0x5c ./Core/Src/main.o
 .text.MX_USART1_UART_Init
                0x080002e4       0x54 ./Core/Src/main.o
 .text.MX_DMA_Init
                0x08000338       0x3c ./Core/Src/main.o
 .text.MX_GPIO_Init
                0x08000374       0xa0 ./Core/Src/main.o
 .text.Error_Handler
                0x08000414        0xc ./Core/Src/main.o
                0x08000414                Error_Handler
 .text.OLED_Init
                0x08000420       0x20 ./Core/Src/oled.o
                0x08000420                OLED_Init
 .text.OLED_Clear
                0x08000440       0x12 ./Core/Src/oled.o
                0x08000440                OLED_Clear
 *fill*         0x08000452        0x2 
 .text.OLED_Print
                0x08000454       0x38 ./Core/Src/oled.o
                0x08000454                OLED_Print
 .text.OLED_Update
                0x0800048c        0xc ./Core/Src/oled.o
                0x0800048c                OLED_Update
 .text.OLED_ClearArea
                0x08000498       0x3e ./Core/Src/oled.o
                0x08000498                OLED_ClearArea
 .text.OLED_Rectangle
                0x080004d6       0x3e ./Core/Src/oled.o
                0x080004d6                OLED_Rectangle
 .text.SIM800L_Init
                0x08000514       0x1c ./Core/Src/sim800l.o
                0x08000514                SIM800L_Init
 .text.HAL_MspInit
                0x08000530       0x64 ./Core/Src/stm32f1xx_hal_msp.o
                0x08000530                HAL_MspInit
 .text.HAL_I2C_MspInit
                0x08000594       0x7c ./Core/Src/stm32f1xx_hal_msp.o
                0x08000594                HAL_I2C_MspInit
 .text.HAL_UART_MspInit
                0x08000610       0xec ./Core/Src/stm32f1xx_hal_msp.o
                0x08000610                HAL_UART_MspInit
 .text.NMI_Handler
                0x080006fc        0x8 ./Core/Src/stm32f1xx_it.o
                0x080006fc                NMI_Handler
 .text.HardFault_Handler
                0x08000704        0x8 ./Core/Src/stm32f1xx_it.o
                0x08000704                HardFault_Handler
 .text.MemManage_Handler
                0x0800070c        0x8 ./Core/Src/stm32f1xx_it.o
                0x0800070c                MemManage_Handler
 .text.BusFault_Handler
                0x08000714        0x8 ./Core/Src/stm32f1xx_it.o
                0x08000714                BusFault_Handler
 .text.UsageFault_Handler
                0x0800071c        0x8 ./Core/Src/stm32f1xx_it.o
                0x0800071c                UsageFault_Handler
 .text.SVC_Handler
                0x08000724        0xc ./Core/Src/stm32f1xx_it.o
                0x08000724                SVC_Handler
 .text.DebugMon_Handler
                0x08000730        0xc ./Core/Src/stm32f1xx_it.o
                0x08000730                DebugMon_Handler
 .text.PendSV_Handler
                0x0800073c        0xc ./Core/Src/stm32f1xx_it.o
                0x0800073c                PendSV_Handler
 .text.SysTick_Handler
                0x08000748        0xc ./Core/Src/stm32f1xx_it.o
                0x08000748                SysTick_Handler
 .text.DMA1_Channel5_IRQHandler
                0x08000754       0x14 ./Core/Src/stm32f1xx_it.o
                0x08000754                DMA1_Channel5_IRQHandler
 .text.SystemInit
                0x08000768        0xc ./Core/Src/system_stm32f1xx.o
                0x08000768                SystemInit
 .text.Reset_Handler
                0x08000774       0x48 ./Core/Startup/startup_stm32f103c8tx.o
                0x08000774                Reset_Handler
 .text.Default_Handler
                0x080007bc        0x2 ./Core/Startup/startup_stm32f103c8tx.o
                0x080007bc                RTC_Alarm_IRQHandler
                0x080007bc                EXTI2_IRQHandler
                0x080007bc                TIM1_CC_IRQHandler
                0x080007bc                PVD_IRQHandler
                0x080007bc                EXTI3_IRQHandler
                0x080007bc                EXTI0_IRQHandler
                0x080007bc                I2C2_EV_IRQHandler
                0x080007bc                ADC1_2_IRQHandler
                0x080007bc                SPI1_IRQHandler
                0x080007bc                TAMPER_IRQHandler
                0x080007bc                DMA1_Channel4_IRQHandler
                0x080007bc                USART3_IRQHandler
                0x080007bc                RTC_IRQHandler
                0x080007bc                DMA1_Channel7_IRQHandler
                0x080007bc                CAN1_RX1_IRQHandler
                0x080007bc                TIM4_IRQHandler
                0x080007bc                I2C1_EV_IRQHandler
                0x080007bc                DMA1_Channel6_IRQHandler
                0x080007bc                TIM3_IRQHandler
                0x080007bc                RCC_IRQHandler
                0x080007bc                TIM1_TRG_COM_IRQHandler
                0x080007bc                DMA1_Channel1_IRQHandler
                0x080007bc                Default_Handler
                0x080007bc                EXTI15_10_IRQHandler
                0x080007bc                EXTI9_5_IRQHandler
                0x080007bc                SPI2_IRQHandler
                0x080007bc                EXTI4_IRQHandler
                0x080007bc                USB_LP_CAN1_RX0_IRQHandler
                0x080007bc                USB_HP_CAN1_TX_IRQHandler
                0x080007bc                DMA1_Channel3_IRQHandler
                0x080007bc                TIM1_UP_IRQHandler
                0x080007bc                WWDG_IRQHandler
                0x080007bc                TIM2_IRQHandler
                0x080007bc                TIM1_BRK_IRQHandler
                0x080007bc                EXTI1_IRQHandler
                0x080007bc                USART2_IRQHandler
                0x080007bc                I2C2_ER_IRQHandler
                0x080007bc                DMA1_Channel2_IRQHandler
                0x080007bc                CAN1_SCE_IRQHandler
                0x080007bc                FLASH_IRQHandler
                0x080007bc                USART1_IRQHandler
                0x080007bc                I2C1_ER_IRQHandler
                0x080007bc                USBWakeUp_IRQHandler
 *fill*         0x080007be        0x2 
 .text.SSD1306_Init
                0x080007c0      0x188 ./Drivers/Middlewares/SSD1306/ssd1306.o
                0x080007c0                SSD1306_Init
 .text.SSD1306_UpdateScreen
                0x08000948       0x5c ./Drivers/Middlewares/SSD1306/ssd1306.o
                0x08000948                SSD1306_UpdateScreen
 .text.SSD1306_Fill
                0x080009a4       0x30 ./Drivers/Middlewares/SSD1306/ssd1306.o
                0x080009a4                SSD1306_Fill
 .text.SSD1306_DrawPixel
                0x080009d4       0xbc ./Drivers/Middlewares/SSD1306/ssd1306.o
                0x080009d4                SSD1306_DrawPixel
 .text.SSD1306_GotoXY
                0x08000a90       0x2c ./Drivers/Middlewares/SSD1306/ssd1306.o
                0x08000a90                SSD1306_GotoXY
 .text.SSD1306_Putc
                0x08000abc       0xfc ./Drivers/Middlewares/SSD1306/ssd1306.o
                0x08000abc                SSD1306_Putc
 .text.SSD1306_Puts
                0x08000bb8       0x4a ./Drivers/Middlewares/SSD1306/ssd1306.o
                0x08000bb8                SSD1306_Puts
 .text.SSD1306_DrawLine
                0x08000c02      0x1f6 ./Drivers/Middlewares/SSD1306/ssd1306.o
                0x08000c02                SSD1306_DrawLine
 .text.SSD1306_DrawFilledRectangle
                0x08000df8       0x9a ./Drivers/Middlewares/SSD1306/ssd1306.o
                0x08000df8                SSD1306_DrawFilledRectangle
 *fill*         0x08000e92        0x2 
 .text.ssd1306_I2C_Init
                0x08000e94       0x28 ./Drivers/Middlewares/SSD1306/ssd1306.o
                0x08000e94                ssd1306_I2C_Init
 .text.ssd1306_I2C_WriteMulti
                0x08000ebc       0xcc ./Drivers/Middlewares/SSD1306/ssd1306.o
                0x08000ebc                ssd1306_I2C_WriteMulti
 .text.ssd1306_I2C_Write
                0x08000f88       0x3c ./Drivers/Middlewares/SSD1306/ssd1306.o
                0x08000f88                ssd1306_I2C_Write
 .text.HAL_Init
                0x08000fc4       0x2c ./Drivers/STM32F1xx_HAL_Driver/Src/stm32f1xx_hal.o
                0x08000fc4                HAL_Init
 .text.HAL_InitTick
                0x08000ff0       0x60 ./Drivers/STM32F1xx_HAL_Driver/Src/stm32f1xx_hal.o
                0x08000ff0                HAL_InitTick
 .text.HAL_IncTick
                0x08001050       0x24 ./Drivers/STM32F1xx_HAL_Driver/Src/stm32f1xx_hal.o
                0x08001050                HAL_IncTick
 .text.HAL_GetTick
                0x08001074       0x14 ./Drivers/STM32F1xx_HAL_Driver/Src/stm32f1xx_hal.o
                0x08001074                HAL_GetTick
 .text.HAL_Delay
                0x08001088       0x48 ./Drivers/STM32F1xx_HAL_Driver/Src/stm32f1xx_hal.o
                0x08001088                HAL_Delay
 .text.__NVIC_SetPriorityGrouping
                0x080010d0       0x48 ./Drivers/STM32F1xx_HAL_Driver/Src/stm32f1xx_hal_cortex.o
 .text.__NVIC_GetPriorityGrouping
                0x08001118       0x1c ./Drivers/STM32F1xx_HAL_Driver/Src/stm32f1xx_hal_cortex.o
 .text.__NVIC_EnableIRQ
                0x08001134       0x38 ./Drivers/STM32F1xx_HAL_Driver/Src/stm32f1xx_hal_cortex.o
 .text.__NVIC_SetPriority
                0x0800116c       0x54 ./Drivers/STM32F1xx_HAL_Driver/Src/stm32f1xx_hal_cortex.o
 .text.NVIC_EncodePriority
                0x080011c0       0x64 ./Drivers/STM32F1xx_HAL_Driver/Src/stm32f1xx_hal_cortex.o
 .text.SysTick_Config
                0x08001224       0x44 ./Drivers/STM32F1xx_HAL_Driver/Src/stm32f1xx_hal_cortex.o
 .text.HAL_NVIC_SetPriorityGrouping
                0x08001268       0x16 ./Drivers/STM32F1xx_HAL_Driver/Src/stm32f1xx_hal_cortex.o
                0x08001268                HAL_NVIC_SetPriorityGrouping
 .text.HAL_NVIC_SetPriority
                0x0800127e       0x38 ./Drivers/STM32F1xx_HAL_Driver/Src/stm32f1xx_hal_cortex.o
                0x0800127e                HAL_NVIC_SetPriority
 .text.HAL_NVIC_EnableIRQ
                0x080012b6       0x1c ./Drivers/STM32F1xx_HAL_Driver/Src/stm32f1xx_hal_cortex.o
                0x080012b6                HAL_NVIC_EnableIRQ
 .text.HAL_SYSTICK_Config
                0x080012d2       0x18 ./Drivers/STM32F1xx_HAL_Driver/Src/stm32f1xx_hal_cortex.o
                0x080012d2                HAL_SYSTICK_Config
 *fill*         0x080012ea        0x2 
 .text.HAL_DMA_Init
                0x080012ec       0xb4 ./Drivers/STM32F1xx_HAL_Driver/Src/stm32f1xx_hal_dma.o
                0x080012ec                HAL_DMA_Init
 .text.HAL_DMA_IRQHandler
                0x080013a0      0x20c ./Drivers/STM32F1xx_HAL_Driver/Src/stm32f1xx_hal_dma.o
                0x080013a0                HAL_DMA_IRQHandler
 .text.HAL_GPIO_Init
                0x080015ac      0x308 ./Drivers/STM32F1xx_HAL_Driver/Src/stm32f1xx_hal_gpio.o
                0x080015ac                HAL_GPIO_Init
 .text.HAL_GPIO_ReadPin
                0x080018b4       0x2e ./Drivers/STM32F1xx_HAL_Driver/Src/stm32f1xx_hal_gpio.o
                0x080018b4                HAL_GPIO_ReadPin
 *fill*         0x080018e2        0x2 
 .text.HAL_I2C_Init
                0x080018e4      0x288 ./Drivers/STM32F1xx_HAL_Driver/Src/stm32f1xx_hal_i2c.o
                0x080018e4                HAL_I2C_Init
 .text.HAL_I2C_Master_Transmit
                0x08001b6c      0x1fc ./Drivers/STM32F1xx_HAL_Driver/Src/stm32f1xx_hal_i2c.o
                0x08001b6c                HAL_I2C_Master_Transmit
 .text.HAL_I2C_IsDeviceReady
                0x08001d68      0x25c ./Drivers/STM32F1xx_HAL_Driver/Src/stm32f1xx_hal_i2c.o
                0x08001d68                HAL_I2C_IsDeviceReady
 .text.I2C_MasterRequestWrite
                0x08001fc4      0x104 ./Drivers/STM32F1xx_HAL_Driver/Src/stm32f1xx_hal_i2c.o
 .text.I2C_WaitOnFlagUntilTimeout
                0x080020c8       0xf4 ./Drivers/STM32F1xx_HAL_Driver/Src/stm32f1xx_hal_i2c.o
 .text.I2C_WaitOnMasterAddressFlagUntilTimeout
                0x080021bc      0x140 ./Drivers/STM32F1xx_HAL_Driver/Src/stm32f1xx_hal_i2c.o
 .text.I2C_WaitOnTXEFlagUntilTimeout
                0x080022fc       0x90 ./Drivers/STM32F1xx_HAL_Driver/Src/stm32f1xx_hal_i2c.o
 .text.I2C_WaitOnBTFFlagUntilTimeout
                0x0800238c       0x90 ./Drivers/STM32F1xx_HAL_Driver/Src/stm32f1xx_hal_i2c.o
 .text.I2C_IsAcknowledgeFailed
                0x0800241c       0x5c ./Drivers/STM32F1xx_HAL_Driver/Src/stm32f1xx_hal_i2c.o
 .text.HAL_RCC_OscConfig
                0x08002478      0x504 ./Drivers/STM32F1xx_HAL_Driver/Src/stm32f1xx_hal_rcc.o
                0x08002478                HAL_RCC_OscConfig
 .text.HAL_RCC_ClockConfig
                0x0800297c      0x1d4 ./Drivers/STM32F1xx_HAL_Driver/Src/stm32f1xx_hal_rcc.o
                0x0800297c                HAL_RCC_ClockConfig
 .text.HAL_RCC_GetSysClockFreq
                0x08002b50       0xa8 ./Drivers/STM32F1xx_HAL_Driver/Src/stm32f1xx_hal_rcc.o
                0x08002b50                HAL_RCC_GetSysClockFreq
 .text.HAL_RCC_GetHCLKFreq
                0x08002bf8       0x14 ./Drivers/STM32F1xx_HAL_Driver/Src/stm32f1xx_hal_rcc.o
                0x08002bf8                HAL_RCC_GetHCLKFreq
 .text.HAL_RCC_GetPCLK1Freq
                0x08002c0c       0x28 ./Drivers/STM32F1xx_HAL_Driver/Src/stm32f1xx_hal_rcc.o
                0x08002c0c                HAL_RCC_GetPCLK1Freq
 .text.HAL_RCC_GetPCLK2Freq
                0x08002c34       0x28 ./Drivers/STM32F1xx_HAL_Driver/Src/stm32f1xx_hal_rcc.o
                0x08002c34                HAL_RCC_GetPCLK2Freq
 .text.RCC_Delay
                0x08002c5c       0x3c ./Drivers/STM32F1xx_HAL_Driver/Src/stm32f1xx_hal_rcc.o
 .text.HAL_UART_Init
                0x08002c98       0xa0 ./Drivers/STM32F1xx_HAL_Driver/Src/stm32f1xx_hal_uart.o
                0x08002c98                HAL_UART_Init
 .text.UART_SetConfig
                0x08002d38      0x11c ./Drivers/STM32F1xx_HAL_Driver/Src/stm32f1xx_hal_uart.o
 .text.memset   0x08002e54       0x10 E:/Program files/STM32CubeIDE_1.18.1/STM32CubeIDE/plugins/com.st.stm32cube.ide.mcu.externaltools.gnu-tools-for-stm32.13.3.rel1.win32_1.0.0.202411081344/tools/bin/../lib/gcc/arm-none-eabi/13.3.1/../../../../arm-none-eabi/lib/thumb/v7-m/nofp\libc_nano.a(libc_a-memset.o)
                0x08002e54                memset
 .text.__libc_init_array
                0x08002e64       0x48 E:/Program files/STM32CubeIDE_1.18.1/STM32CubeIDE/plugins/com.st.stm32cube.ide.mcu.externaltools.gnu-tools-for-stm32.13.3.rel1.win32_1.0.0.202411081344/tools/bin/../lib/gcc/arm-none-eabi/13.3.1/../../../../arm-none-eabi/lib/thumb/v7-m/nofp\libc_nano.a(libc_a-init.o)
                0x08002e64                __libc_init_array
 *(.glue_7)
 .glue_7        0x08002eac        0x0 linker stubs
 *(.glue_7t)
 .glue_7t       0x08002eac        0x0 linker stubs
 *(.eh_frame)
 .eh_frame      0x08002eac        0x0 E:/Program files/STM32CubeIDE_1.18.1/STM32CubeIDE/plugins/com.st.stm32cube.ide.mcu.externaltools.gnu-tools-for-stm32.13.3.rel1.win32_1.0.0.202411081344/tools/bin/../lib/gcc/arm-none-eabi/13.3.1/thumb/v7-m/nofp/crtbegin.o
 *(.init)
 .init          0x08002eac        0x4 E:/Program files/STM32CubeIDE_1.18.1/STM32CubeIDE/plugins/com.st.stm32cube.ide.mcu.externaltools.gnu-tools-for-stm32.13.3.rel1.win32_1.0.0.202411081344/tools/bin/../lib/gcc/arm-none-eabi/13.3.1/thumb/v7-m/nofp/crti.o
                0x08002eac                _init
 .init          0x08002eb0        0x8 E:/Program files/STM32CubeIDE_1.18.1/STM32CubeIDE/plugins/com.st.stm32cube.ide.mcu.externaltools.gnu-tools-for-stm32.13.3.rel1.win32_1.0.0.202411081344/tools/bin/../lib/gcc/arm-none-eabi/13.3.1/thumb/v7-m/nofp/crtn.o
 *(.fini)
 .fini          0x08002eb8        0x4 E:/Program files/STM32CubeIDE_1.18.1/STM32CubeIDE/plugins/com.st.stm32cube.ide.mcu.externaltools.gnu-tools-for-stm32.13.3.rel1.win32_1.0.0.202411081344/tools/bin/../lib/gcc/arm-none-eabi/13.3.1/thumb/v7-m/nofp/crti.o
                0x08002eb8                _fini
 .fini          0x08002ebc        0x8 E:/Program files/STM32CubeIDE_1.18.1/STM32CubeIDE/plugins/com.st.stm32cube.ide.mcu.externaltools.gnu-tools-for-stm32.13.3.rel1.win32_1.0.0.202411081344/tools/bin/../lib/gcc/arm-none-eabi/13.3.1/thumb/v7-m/nofp/crtn.o
                0x08002ec4                        . = ALIGN (0x4)
                0x08002ec4                        _etext = .

.vfp11_veneer   0x08002ec4        0x0
 .vfp11_veneer  0x08002ec4        0x0 linker stubs

.v4_bx          0x08002ec4        0x0
 .v4_bx         0x08002ec4        0x0 linker stubs

.iplt           0x08002ec4        0x0
 .iplt          0x08002ec4        0x0 E:/Program files/STM32CubeIDE_1.18.1/STM32CubeIDE/plugins/com.st.stm32cube.ide.mcu.externaltools.gnu-tools-for-stm32.13.3.rel1.win32_1.0.0.202411081344/tools/bin/../lib/gcc/arm-none-eabi/13.3.1/thumb/v7-m/nofp/crtbegin.o

.rodata         0x08002ec4      0x7fc
                0x08002ec4                        . = ALIGN (0x4)
 *(.rodata)
 .rodata        0x08002ec4       0x4d ./Core/Src/general.o
 *(.rodata*)
 *fill*         0x08002f11        0x3 
 .rodata.AHBPrescTable
                0x08002f14       0x10 ./Core/Src/system_stm32f1xx.o
                0x08002f14                AHBPrescTable
 .rodata.APBPrescTable
                0x08002f24        0x8 ./Core/Src/system_stm32f1xx.o
                0x08002f24                APBPrescTable
 .rodata.Font7x10
                0x08002f2c      0x780 ./Drivers/Middlewares/SSD1306/fonts.o
                0x08002f2c                Font7x10
 .rodata.aPLLMULFactorTable.1
                0x080036ac       0x10 ./Drivers/STM32F1xx_HAL_Driver/Src/stm32f1xx_hal_rcc.o
 .rodata.aPredivFactorTable.0
                0x080036bc        0x2 ./Drivers/STM32F1xx_HAL_Driver/Src/stm32f1xx_hal_rcc.o
                0x080036c0                        . = ALIGN (0x4)
 *fill*         0x080036be        0x2 

.ARM.extab      0x080036c0        0x0
                0x080036c0                        . = ALIGN (0x4)
 *(.ARM.extab* .gnu.linkonce.armextab.*)
                0x080036c0                        . = ALIGN (0x4)

.ARM            0x080036c0        0x0
                0x080036c0                        . = ALIGN (0x4)
                0x080036c0                        __exidx_start = .
 *(.ARM.exidx*)
                0x080036c0                        __exidx_end = .
                0x080036c0                        . = ALIGN (0x4)

.preinit_array  0x080036c0        0x0
                0x080036c0                        . = ALIGN (0x4)
                0x080036c0                        PROVIDE (__preinit_array_start = .)
 *(.preinit_array*)
                0x080036c0                        PROVIDE (__preinit_array_end = .)
                0x080036c0                        . = ALIGN (0x4)

.init_array     0x080036c0        0x4
                0x080036c0                        . = ALIGN (0x4)
                0x080036c0                        PROVIDE (__init_array_start = .)
 *(SORT_BY_NAME(.init_array.*))
 *(.init_array*)
 .init_array    0x080036c0        0x4 E:/Program files/STM32CubeIDE_1.18.1/STM32CubeIDE/plugins/com.st.stm32cube.ide.mcu.externaltools.gnu-tools-for-stm32.13.3.rel1.win32_1.0.0.202411081344/tools/bin/../lib/gcc/arm-none-eabi/13.3.1/thumb/v7-m/nofp/crtbegin.o
                0x080036c4                        PROVIDE (__init_array_end = .)
                0x080036c4                        . = ALIGN (0x4)

.fini_array     0x080036c4        0x4
                0x080036c4                        . = ALIGN (0x4)
                [!provide]                        PROVIDE (__fini_array_start = .)
 *(SORT_BY_NAME(.fini_array.*))
 *(.fini_array*)
 .fini_array    0x080036c4        0x4 E:/Program files/STM32CubeIDE_1.18.1/STM32CubeIDE/plugins/com.st.stm32cube.ide.mcu.externaltools.gnu-tools-for-stm32.13.3.rel1.win32_1.0.0.202411081344/tools/bin/../lib/gcc/arm-none-eabi/13.3.1/thumb/v7-m/nofp/crtbegin.o
                [!provide]                        PROVIDE (__fini_array_end = .)
                0x080036c8                        . = ALIGN (0x4)
                0x080036c8                        _sidata = LOADADDR (.data)

.rel.dyn        0x080036c8        0x0
 .rel.iplt      0x080036c8        0x0 E:/Program files/STM32CubeIDE_1.18.1/STM32CubeIDE/plugins/com.st.stm32cube.ide.mcu.externaltools.gnu-tools-for-stm32.13.3.rel1.win32_1.0.0.202411081344/tools/bin/../lib/gcc/arm-none-eabi/13.3.1/thumb/v7-m/nofp/crtbegin.o

.data           0x20000000       0x14 load address 0x080036c8
                0x20000000                        . = ALIGN (0x4)
                0x20000000                        _sdata = .
 *(.data)
 *(.data*)
 .data.SystemCoreClock
                0x20000000        0x4 ./Core/Src/system_stm32f1xx.o
                0x20000000                SystemCoreClock
 .data.Font_7x10
                0x20000004        0x8 ./Drivers/Middlewares/SSD1306/fonts.o
                0x20000004                Font_7x10
 .data.uwTickPrio
                0x2000000c        0x4 ./Drivers/STM32F1xx_HAL_Driver/Src/stm32f1xx_hal.o
                0x2000000c                uwTickPrio
 .data.uwTickFreq
                0x20000010        0x1 ./Drivers/STM32F1xx_HAL_Driver/Src/stm32f1xx_hal.o
                0x20000010                uwTickFreq
 *(.RamFunc)
 *(.RamFunc*)
                0x20000014                        . = ALIGN (0x4)
 *fill*         0x20000011        0x3 
                0x20000014                        _edata = .

.igot.plt       0x20000014        0x0 load address 0x080036dc
 .igot.plt      0x20000014        0x0 E:/Program files/STM32CubeIDE_1.18.1/STM32CubeIDE/plugins/com.st.stm32cube.ide.mcu.externaltools.gnu-tools-for-stm32.13.3.rel1.win32_1.0.0.202411081344/tools/bin/../lib/gcc/arm-none-eabi/13.3.1/thumb/v7-m/nofp/crtbegin.o
                0x20000014                        . = ALIGN (0x4)

.bss            0x20000014      0x510 load address 0x080036dc
                0x20000014                        _sbss = .
                0x20000014                        __bss_start__ = _sbss
 *(.bss)
 .bss           0x20000014       0x1c E:/Program files/STM32CubeIDE_1.18.1/STM32CubeIDE/plugins/com.st.stm32cube.ide.mcu.externaltools.gnu-tools-for-stm32.13.3.rel1.win32_1.0.0.202411081344/tools/bin/../lib/gcc/arm-none-eabi/13.3.1/thumb/v7-m/nofp/crtbegin.o
 *(.bss*)
 .bss.hi2c1     0x20000030       0x54 ./Core/Src/main.o
                0x20000030                hi2c1
 .bss.huart1    0x20000084       0x48 ./Core/Src/main.o
                0x20000084                huart1
 .bss.hdma_usart1_rx
                0x200000cc       0x44 ./Core/Src/main.o
                0x200000cc                hdma_usart1_rx
 .bss.oled_i2c  0x20000110        0x4 ./Core/Src/oled.o
 .bss.gsm_uart  0x20000114        0x4 ./Core/Src/sim800l.o
 .bss.SSD1306_Buffer
                0x20000118      0x400 ./Drivers/Middlewares/SSD1306/ssd1306.o
 .bss.SSD1306   0x20000518        0x6 ./Drivers/Middlewares/SSD1306/ssd1306.o
 *fill*         0x2000051e        0x2 
 .bss.uwTick    0x20000520        0x4 ./Drivers/STM32F1xx_HAL_Driver/Src/stm32f1xx_hal.o
                0x20000520                uwTick
 *(COMMON)
                0x20000524                        . = ALIGN (0x4)
                0x20000524                        _ebss = .
                0x20000524                        __bss_end__ = _ebss

._user_heap_stack
                0x20000524      0x604 load address 0x080036dc
                0x20000528                        . = ALIGN (0x8)
 *fill*         0x20000524        0x4 
                [!provide]                        PROVIDE (end = .)
                0x20000528                        PROVIDE (_end = .)
                0x20000728                        . = (. + _Min_Heap_Size)
 *fill*         0x20000528      0x200 
                0x20000b28                        . = (. + _Min_Stack_Size)
 *fill*         0x20000728      0x400 
                0x20000b28                        . = ALIGN (0x8)

/DISCARD/
 libc.a(*)
 libm.a(*)
 libgcc.a(*)

.ARM.attributes
                0x00000000       0x29
 *(.ARM.attributes)
 .ARM.attributes
                0x00000000       0x1d E:/Program files/STM32CubeIDE_1.18.1/STM32CubeIDE/plugins/com.st.stm32cube.ide.mcu.externaltools.gnu-tools-for-stm32.13.3.rel1.win32_1.0.0.202411081344/tools/bin/../lib/gcc/arm-none-eabi/13.3.1/thumb/v7-m/nofp/crti.o
 .ARM.attributes
                0x0000001d       0x2d E:/Program files/STM32CubeIDE_1.18.1/STM32CubeIDE/plugins/com.st.stm32cube.ide.mcu.externaltools.gnu-tools-for-stm32.13.3.rel1.win32_1.0.0.202411081344/tools/bin/../lib/gcc/arm-none-eabi/13.3.1/thumb/v7-m/nofp/crtbegin.o
 .ARM.attributes
                0x0000004a       0x2d ./Core/Src/general.o
 .ARM.attributes
                0x00000077       0x2d ./Core/Src/main.o
 .ARM.attributes
                0x000000a4       0x2d ./Core/Src/oled.o
 .ARM.attributes
                0x000000d1       0x2d ./Core/Src/sim800l.o
 .ARM.attributes
                0x000000fe       0x2d ./Core/Src/stm32f1xx_hal_msp.o
 .ARM.attributes
                0x0000012b       0x2d ./Core/Src/stm32f1xx_it.o
 .ARM.attributes
                0x00000158       0x2d ./Core/Src/system_stm32f1xx.o
 .ARM.attributes
                0x00000185       0x21 ./Core/Startup/startup_stm32f103c8tx.o
 .ARM.attributes
                0x000001a6       0x2d ./Drivers/Middlewares/SSD1306/fonts.o
 .ARM.attributes
                0x000001d3       0x2d ./Drivers/Middlewares/SSD1306/ssd1306.o
 .ARM.attributes
                0x00000200       0x2d ./Drivers/STM32F1xx_HAL_Driver/Src/stm32f1xx_hal.o
 .ARM.attributes
                0x0000022d       0x2d ./Drivers/STM32F1xx_HAL_Driver/Src/stm32f1xx_hal_cortex.o
 .ARM.attributes
                0x0000025a       0x2d ./Drivers/STM32F1xx_HAL_Driver/Src/stm32f1xx_hal_dma.o
 .ARM.attributes
                0x00000287       0x2d ./Drivers/STM32F1xx_HAL_Driver/Src/stm32f1xx_hal_gpio.o
 .ARM.attributes
                0x000002b4       0x2d ./Drivers/STM32F1xx_HAL_Driver/Src/stm32f1xx_hal_i2c.o
 .ARM.attributes
                0x000002e1       0x2d ./Drivers/STM32F1xx_HAL_Driver/Src/stm32f1xx_hal_rcc.o
 .ARM.attributes
                0x0000030e       0x2d ./Drivers/STM32F1xx_HAL_Driver/Src/stm32f1xx_hal_uart.o
 .ARM.attributes
                0x0000033b       0x2d E:/Program files/STM32CubeIDE_1.18.1/STM32CubeIDE/plugins/com.st.stm32cube.ide.mcu.externaltools.gnu-tools-for-stm32.13.3.rel1.win32_1.0.0.202411081344/tools/bin/../lib/gcc/arm-none-eabi/13.3.1/../../../../arm-none-eabi/lib/thumb/v7-m/nofp\libc_nano.a(libc_a-memset.o)
 .ARM.attributes
                0x00000368       0x2d E:/Program files/STM32CubeIDE_1.18.1/STM32CubeIDE/plugins/com.st.stm32cube.ide.mcu.externaltools.gnu-tools-for-stm32.13.3.rel1.win32_1.0.0.202411081344/tools/bin/../lib/gcc/arm-none-eabi/13.3.1/../../../../arm-none-eabi/lib/thumb/v7-m/nofp\libc_nano.a(libc_a-init.o)
 .ARM.attributes
                0x00000395       0x1d E:/Program files/STM32CubeIDE_1.18.1/STM32CubeIDE/plugins/com.st.stm32cube.ide.mcu.externaltools.gnu-tools-for-stm32.13.3.rel1.win32_1.0.0.202411081344/tools/bin/../lib/gcc/arm-none-eabi/13.3.1/thumb/v7-m/nofp/crtn.o
OUTPUT(GSM with SIM800L.elf elf32-littlearm)
LOAD linker stubs
LOAD E:/Program files/STM32CubeIDE_1.18.1/STM32CubeIDE/plugins/com.st.stm32cube.ide.mcu.externaltools.gnu-tools-for-stm32.13.3.rel1.win32_1.0.0.202411081344/tools/bin/../lib/gcc/arm-none-eabi/13.3.1/../../../../arm-none-eabi/lib/thumb/v7-m/nofp\libc.a
LOAD E:/Program files/STM32CubeIDE_1.18.1/STM32CubeIDE/plugins/com.st.stm32cube.ide.mcu.externaltools.gnu-tools-for-stm32.13.3.rel1.win32_1.0.0.202411081344/tools/bin/../lib/gcc/arm-none-eabi/13.3.1/../../../../arm-none-eabi/lib/thumb/v7-m/nofp\libm.a
LOAD E:/Program files/STM32CubeIDE_1.18.1/STM32CubeIDE/plugins/com.st.stm32cube.ide.mcu.externaltools.gnu-tools-for-stm32.13.3.rel1.win32_1.0.0.202411081344/tools/bin/../lib/gcc/arm-none-eabi/13.3.1/thumb/v7-m/nofp\libgcc.a

.debug_info     0x00000000     0xc48c
 .debug_info    0x00000000      0x9d1 ./Core/Src/general.o
 .debug_info    0x000009d1      0xdc1 ./Core/Src/main.o
 .debug_info    0x00001792      0x83b ./Core/Src/oled.o
 .debug_info    0x00001fcd      0x6aa ./Core/Src/sim800l.o
 .debug_info    0x00002677      0xb7d ./Core/Src/stm32f1xx_hal_msp.o
 .debug_info    0x000031f4      0x35e ./Core/Src/stm32f1xx_it.o
 .debug_info    0x00003552      0x222 ./Core/Src/system_stm32f1xx.o
 .debug_info    0x00003774       0x30 ./Core/Startup/startup_stm32f103c8tx.o
 .debug_info    0x000037a4      0x2d2 ./Drivers/Middlewares/SSD1306/fonts.o
 .debug_info    0x00003a76     0x1028 ./Drivers/Middlewares/SSD1306/ssd1306.o
 .debug_info    0x00004a9e      0x704 ./Drivers/STM32F1xx_HAL_Driver/Src/stm32f1xx_hal.o
 .debug_info    0x000051a2      0xa87 ./Drivers/STM32F1xx_HAL_Driver/Src/stm32f1xx_hal_cortex.o
 .debug_info    0x00005c29      0x6d2 ./Drivers/STM32F1xx_HAL_Driver/Src/stm32f1xx_hal_dma.o
 .debug_info    0x000062fb      0x5ab ./Drivers/STM32F1xx_HAL_Driver/Src/stm32f1xx_hal_gpio.o
 .debug_info    0x000068a6     0x2524 ./Drivers/STM32F1xx_HAL_Driver/Src/stm32f1xx_hal_i2c.o
 .debug_info    0x00008dca      0x7d5 ./Drivers/STM32F1xx_HAL_Driver/Src/stm32f1xx_hal_rcc.o
 .debug_info    0x0000959f     0x2eed ./Drivers/STM32F1xx_HAL_Driver/Src/stm32f1xx_hal_uart.o

.debug_abbrev   0x00000000     0x224d
 .debug_abbrev  0x00000000      0x1ec ./Core/Src/general.o
 .debug_abbrev  0x000001ec      0x269 ./Core/Src/main.o
 .debug_abbrev  0x00000455      0x1f3 ./Core/Src/oled.o
 .debug_abbrev  0x00000648      0x1f2 ./Core/Src/sim800l.o
 .debug_abbrev  0x0000083a      0x1ea ./Core/Src/stm32f1xx_hal_msp.o
 .debug_abbrev  0x00000a24      0x16e ./Core/Src/stm32f1xx_it.o
 .debug_abbrev  0x00000b92      0x13f ./Core/Src/system_stm32f1xx.o
 .debug_abbrev  0x00000cd1       0x24 ./Core/Startup/startup_stm32f103c8tx.o
 .debug_abbrev  0x00000cf5      0x12f ./Drivers/Middlewares/SSD1306/fonts.o
 .debug_abbrev  0x00000e24      0x30d ./Drivers/Middlewares/SSD1306/ssd1306.o
 .debug_abbrev  0x00001131      0x201 ./Drivers/STM32F1xx_HAL_Driver/Src/stm32f1xx_hal.o
 .debug_abbrev  0x00001332      0x2f8 ./Drivers/STM32F1xx_HAL_Driver/Src/stm32f1xx_hal_cortex.o
 .debug_abbrev  0x0000162a      0x20b ./Drivers/STM32F1xx_HAL_Driver/Src/stm32f1xx_hal_dma.o
 .debug_abbrev  0x00001835      0x1ca ./Drivers/STM32F1xx_HAL_Driver/Src/stm32f1xx_hal_gpio.o
 .debug_abbrev  0x000019ff      0x2a3 ./Drivers/STM32F1xx_HAL_Driver/Src/stm32f1xx_hal_i2c.o
 .debug_abbrev  0x00001ca2      0x2b3 ./Drivers/STM32F1xx_HAL_Driver/Src/stm32f1xx_hal_rcc.o
 .debug_abbrev  0x00001f55      0x2f8 ./Drivers/STM32F1xx_HAL_Driver/Src/stm32f1xx_hal_uart.o

.debug_aranges  0x00000000      0xb08
 .debug_aranges
                0x00000000       0x20 ./Core/Src/general.o
 .debug_aranges
                0x00000020       0x50 ./Core/Src/main.o
 .debug_aranges
                0x00000070       0x60 ./Core/Src/oled.o
 .debug_aranges
                0x000000d0       0x30 ./Core/Src/sim800l.o
 .debug_aranges
                0x00000100       0x40 ./Core/Src/stm32f1xx_hal_msp.o
 .debug_aranges
                0x00000140       0x68 ./Core/Src/stm32f1xx_it.o
 .debug_aranges
                0x000001a8       0x28 ./Core/Src/system_stm32f1xx.o
 .debug_aranges
                0x000001d0       0x28 ./Core/Startup/startup_stm32f103c8tx.o
 .debug_aranges
                0x000001f8       0x20 ./Drivers/Middlewares/SSD1306/fonts.o
 .debug_aranges
                0x00000218       0xf8 ./Drivers/Middlewares/SSD1306/ssd1306.o
 .debug_aranges
                0x00000310       0xe0 ./Drivers/STM32F1xx_HAL_Driver/Src/stm32f1xx_hal.o
 .debug_aranges
                0x000003f0      0x100 ./Drivers/STM32F1xx_HAL_Driver/Src/stm32f1xx_hal_cortex.o
 .debug_aranges
                0x000004f0       0x80 ./Drivers/STM32F1xx_HAL_Driver/Src/stm32f1xx_hal_dma.o
 .debug_aranges
                0x00000570       0x58 ./Drivers/STM32F1xx_HAL_Driver/Src/stm32f1xx_hal_gpio.o
 .debug_aranges
                0x000005c8      0x2a8 ./Drivers/STM32F1xx_HAL_Driver/Src/stm32f1xx_hal_i2c.o
 .debug_aranges
                0x00000870       0x90 ./Drivers/STM32F1xx_HAL_Driver/Src/stm32f1xx_hal_rcc.o
 .debug_aranges
                0x00000900      0x208 ./Drivers/STM32F1xx_HAL_Driver/Src/stm32f1xx_hal_uart.o

.debug_rnglists
                0x00000000      0x891
 .debug_rnglists
                0x00000000       0x14 ./Core/Src/general.o
 .debug_rnglists
                0x00000014       0x39 ./Core/Src/main.o
 .debug_rnglists
                0x0000004d       0x43 ./Core/Src/oled.o
 .debug_rnglists
                0x00000090       0x1f ./Core/Src/sim800l.o
 .debug_rnglists
                0x000000af       0x2c ./Core/Src/stm32f1xx_hal_msp.o
 .debug_rnglists
                0x000000db       0x49 ./Core/Src/stm32f1xx_it.o
 .debug_rnglists
                0x00000124       0x1a ./Core/Src/system_stm32f1xx.o
 .debug_rnglists
                0x0000013e       0x19 ./Core/Startup/startup_stm32f103c8tx.o
 .debug_rnglists
                0x00000157       0x13 ./Drivers/Middlewares/SSD1306/fonts.o
 .debug_rnglists
                0x0000016a       0xc2 ./Drivers/Middlewares/SSD1306/ssd1306.o
 .debug_rnglists
                0x0000022c       0xa3 ./Drivers/STM32F1xx_HAL_Driver/Src/stm32f1xx_hal.o
 .debug_rnglists
                0x000002cf       0xbb ./Drivers/STM32F1xx_HAL_Driver/Src/stm32f1xx_hal_cortex.o
 .debug_rnglists
                0x0000038a       0x64 ./Drivers/STM32F1xx_HAL_Driver/Src/stm32f1xx_hal_dma.o
 .debug_rnglists
                0x000003ee       0x3f ./Drivers/STM32F1xx_HAL_Driver/Src/stm32f1xx_hal_gpio.o
 .debug_rnglists
                0x0000042d      0x23c ./Drivers/STM32F1xx_HAL_Driver/Src/stm32f1xx_hal_i2c.o
 .debug_rnglists
                0x00000669       0x6c ./Drivers/STM32F1xx_HAL_Driver/Src/stm32f1xx_hal_rcc.o
 .debug_rnglists
                0x000006d5      0x1bc ./Drivers/STM32F1xx_HAL_Driver/Src/stm32f1xx_hal_uart.o

.debug_macro    0x00000000    0x17dbc
 .debug_macro   0x00000000      0x2a1 ./Core/Src/general.o
 .debug_macro   0x000002a1      0xacc ./Core/Src/general.o
 .debug_macro   0x00000d6d      0x221 ./Core/Src/general.o
 .debug_macro   0x00000f8e       0x2e ./Core/Src/general.o
 .debug_macro   0x00000fbc       0x22 ./Core/Src/general.o
 .debug_macro   0x00000fde       0x22 ./Core/Src/general.o
 .debug_macro   0x00001000       0x8e ./Core/Src/general.o
 .debug_macro   0x0000108e       0x51 ./Core/Src/general.o
 .debug_macro   0x000010df      0x103 ./Core/Src/general.o
 .debug_macro   0x000011e2       0x6a ./Core/Src/general.o
 .debug_macro   0x0000124c      0x1df ./Core/Src/general.o
 .debug_macro   0x0000142b       0x1c ./Core/Src/general.o
 .debug_macro   0x00001447       0x22 ./Core/Src/general.o
 .debug_macro   0x00001469       0xbd ./Core/Src/general.o
 .debug_macro   0x00001526      0xd23 ./Core/Src/general.o
 .debug_macro   0x00002249     0xe09e ./Core/Src/general.o
 .debug_macro   0x000102e7       0x6d ./Core/Src/general.o
 .debug_macro   0x00010354     0x34a2 ./Core/Src/general.o
 .debug_macro   0x000137f6      0x190 ./Core/Src/general.o
 .debug_macro   0x00013986       0x5c ./Core/Src/general.o
 .debug_macro   0x000139e2      0x5bc ./Core/Src/general.o
 .debug_macro   0x00013f9e      0x289 ./Core/Src/general.o
 .debug_macro   0x00014227      0x1cb ./Core/Src/general.o
 .debug_macro   0x000143f2      0x114 ./Core/Src/general.o
 .debug_macro   0x00014506      0x1b2 ./Core/Src/general.o
 .debug_macro   0x000146b8       0x27 ./Core/Src/general.o
 .debug_macro   0x000146df      0x136 ./Core/Src/general.o
 .debug_macro   0x00014815      0x1bc ./Core/Src/general.o
 .debug_macro   0x000149d1       0x34 ./Core/Src/general.o
 .debug_macro   0x00014a05       0x3c ./Core/Src/general.o
 .debug_macro   0x00014a41       0x57 ./Core/Src/general.o
 .debug_macro   0x00014a98       0x87 ./Core/Src/general.o
 .debug_macro   0x00014b1f      0x240 ./Core/Src/general.o
 .debug_macro   0x00014d5f      0x287 ./Core/Src/general.o
 .debug_macro   0x00014fe6      0x140 ./Core/Src/general.o
 .debug_macro   0x00015126      0x28e ./Core/Src/general.o
 .debug_macro   0x000153b4       0x83 ./Core/Src/general.o
 .debug_macro   0x00015437       0x61 ./Core/Src/general.o
 .debug_macro   0x00015498       0x24 ./Core/Src/general.o
 .debug_macro   0x000154bc       0x43 ./Core/Src/general.o
 .debug_macro   0x000154ff       0x34 ./Core/Src/general.o
 .debug_macro   0x00015533       0x16 ./Core/Src/general.o
 .debug_macro   0x00015549       0x3c ./Core/Src/general.o
 .debug_macro   0x00015585      0x370 ./Core/Src/general.o
 .debug_macro   0x000158f5       0x10 ./Core/Src/general.o
 .debug_macro   0x00015905       0x16 ./Core/Src/general.o
 .debug_macro   0x0001591b       0x4a ./Core/Src/general.o
 .debug_macro   0x00015965       0x34 ./Core/Src/general.o
 .debug_macro   0x00015999       0x10 ./Core/Src/general.o
 .debug_macro   0x000159a9       0x58 ./Core/Src/general.o
 .debug_macro   0x00015a01       0x8e ./Core/Src/general.o
 .debug_macro   0x00015a8f       0x1c ./Core/Src/general.o
 .debug_macro   0x00015aab      0x185 ./Core/Src/general.o
 .debug_macro   0x00015c30       0x16 ./Core/Src/general.o
 .debug_macro   0x00015c46       0x16 ./Core/Src/general.o
 .debug_macro   0x00015c5c      0x146 ./Core/Src/general.o
 .debug_macro   0x00015da2      0x19b ./Core/Src/general.o
 .debug_macro   0x00015f3d      0x1c4 ./Core/Src/main.o
 .debug_macro   0x00016101      0x2cb ./Core/Src/oled.o
 .debug_macro   0x000163cc       0x10 ./Core/Src/oled.o
 .debug_macro   0x000163dc       0x20 ./Core/Src/oled.o
 .debug_macro   0x000163fc       0x16 ./Core/Src/oled.o
 .debug_macro   0x00016412       0x16 ./Core/Src/oled.o
 .debug_macro   0x00016428       0x29 ./Core/Src/oled.o
 .debug_macro   0x00016451       0x1c ./Core/Src/oled.o
 .debug_macro   0x0001646d      0x2ae ./Core/Src/sim800l.o
 .debug_macro   0x0001671b       0x1c ./Core/Src/sim800l.o
 .debug_macro   0x00016737       0x1c ./Core/Src/sim800l.o
 .debug_macro   0x00016753      0x1a2 ./Core/Src/stm32f1xx_hal_msp.o
 .debug_macro   0x000168f5      0x1ac ./Core/Src/stm32f1xx_it.o
 .debug_macro   0x00016aa1      0x198 ./Core/Src/system_stm32f1xx.o
 .debug_macro   0x00016c39      0x270 ./Drivers/Middlewares/SSD1306/fonts.o
 .debug_macro   0x00016ea9      0x2fb ./Drivers/Middlewares/SSD1306/ssd1306.o
 .debug_macro   0x000171a4      0x1bc ./Drivers/STM32F1xx_HAL_Driver/Src/stm32f1xx_hal.o
 .debug_macro   0x00017360      0x198 ./Drivers/STM32F1xx_HAL_Driver/Src/stm32f1xx_hal_cortex.o
 .debug_macro   0x000174f8      0x198 ./Drivers/STM32F1xx_HAL_Driver/Src/stm32f1xx_hal_dma.o
 .debug_macro   0x00017690      0x203 ./Drivers/STM32F1xx_HAL_Driver/Src/stm32f1xx_hal_gpio.o
 .debug_macro   0x00017893      0x1e6 ./Drivers/STM32F1xx_HAL_Driver/Src/stm32f1xx_hal_i2c.o
 .debug_macro   0x00017a79      0x1aa ./Drivers/STM32F1xx_HAL_Driver/Src/stm32f1xx_hal_rcc.o
 .debug_macro   0x00017c23      0x199 ./Drivers/STM32F1xx_HAL_Driver/Src/stm32f1xx_hal_uart.o

.debug_line     0x00000000     0xf1d7
 .debug_line    0x00000000      0x959 ./Core/Src/general.o
 .debug_line    0x00000959      0x83d ./Core/Src/main.o
 .debug_line    0x00001196      0xa8c ./Core/Src/oled.o
 .debug_line    0x00001c22      0x99b ./Core/Src/sim800l.o
 .debug_line    0x000025bd      0x7a4 ./Core/Src/stm32f1xx_hal_msp.o
 .debug_line    0x00002d61      0x7a5 ./Core/Src/stm32f1xx_it.o
 .debug_line    0x00003506      0x75d ./Core/Src/system_stm32f1xx.o
 .debug_line    0x00003c63       0x78 ./Core/Startup/startup_stm32f103c8tx.o
 .debug_line    0x00003cdb      0x954 ./Drivers/Middlewares/SSD1306/fonts.o
 .debug_line    0x0000462f     0x10c3 ./Drivers/Middlewares/SSD1306/ssd1306.o
 .debug_line    0x000056f2      0x98e ./Drivers/STM32F1xx_HAL_Driver/Src/stm32f1xx_hal.o
 .debug_line    0x00006080      0xb58 ./Drivers/STM32F1xx_HAL_Driver/Src/stm32f1xx_hal_cortex.o
 .debug_line    0x00006bd8      0xd98 ./Drivers/STM32F1xx_HAL_Driver/Src/stm32f1xx_hal_dma.o
 .debug_line    0x00007970      0x9eb ./Drivers/STM32F1xx_HAL_Driver/Src/stm32f1xx_hal_gpio.o
 .debug_line    0x0000835b     0x3b8b ./Drivers/STM32F1xx_HAL_Driver/Src/stm32f1xx_hal_i2c.o
 .debug_line    0x0000bee6      0xe47 ./Drivers/STM32F1xx_HAL_Driver/Src/stm32f1xx_hal_rcc.o
 .debug_line    0x0000cd2d     0x24aa ./Drivers/STM32F1xx_HAL_Driver/Src/stm32f1xx_hal_uart.o

.debug_str      0x00000000    0x854e1
 .debug_str     0x00000000    0x854e1 ./Core/Src/general.o
                              0x829a8 (size before relaxing)
 .debug_str     0x000854e1    0x7eee9 ./Core/Src/main.o
 .debug_str     0x000854e1    0x81bf7 ./Core/Src/oled.o
 .debug_str     0x000854e1    0x81f5f ./Core/Src/sim800l.o
 .debug_str     0x000854e1    0x7eab6 ./Core/Src/stm32f1xx_hal_msp.o
 .debug_str     0x000854e1    0x7e563 ./Core/Src/stm32f1xx_it.o
 .debug_str     0x000854e1    0x7e353 ./Core/Src/system_stm32f1xx.o
 .debug_str     0x000854e1       0x91 ./Core/Startup/startup_stm32f103c8tx.o
 .debug_str     0x000854e1    0x81577 ./Drivers/Middlewares/SSD1306/fonts.o
 .debug_str     0x000854e1    0x82022 ./Drivers/Middlewares/SSD1306/ssd1306.o
 .debug_str     0x000854e1    0x7ea86 ./Drivers/STM32F1xx_HAL_Driver/Src/stm32f1xx_hal.o
 .debug_str     0x000854e1    0x7e9d2 ./Drivers/STM32F1xx_HAL_Driver/Src/stm32f1xx_hal_cortex.o
 .debug_str     0x000854e1    0x7e6fc ./Drivers/STM32F1xx_HAL_Driver/Src/stm32f1xx_hal_dma.o
 .debug_str     0x000854e1    0x7e6d9 ./Drivers/STM32F1xx_HAL_Driver/Src/stm32f1xx_hal_gpio.o
 .debug_str     0x000854e1    0x7f41a ./Drivers/STM32F1xx_HAL_Driver/Src/stm32f1xx_hal_i2c.o
 .debug_str     0x000854e1    0x7e782 ./Drivers/STM32F1xx_HAL_Driver/Src/stm32f1xx_hal_rcc.o
 .debug_str     0x000854e1    0x7edf3 ./Drivers/STM32F1xx_HAL_Driver/Src/stm32f1xx_hal_uart.o

.comment        0x00000000       0x43
 .comment       0x00000000       0x43 ./Core/Src/general.o
                                 0x44 (size before relaxing)
 .comment       0x00000043       0x44 ./Core/Src/main.o
 .comment       0x00000043       0x44 ./Core/Src/oled.o
 .comment       0x00000043       0x44 ./Core/Src/sim800l.o
 .comment       0x00000043       0x44 ./Core/Src/stm32f1xx_hal_msp.o
 .comment       0x00000043       0x44 ./Core/Src/stm32f1xx_it.o
 .comment       0x00000043       0x44 ./Core/Src/system_stm32f1xx.o
 .comment       0x00000043       0x44 ./Drivers/Middlewares/SSD1306/fonts.o
 .comment       0x00000043       0x44 ./Drivers/Middlewares/SSD1306/ssd1306.o
 .comment       0x00000043       0x44 ./Drivers/STM32F1xx_HAL_Driver/Src/stm32f1xx_hal.o
 .comment       0x00000043       0x44 ./Drivers/STM32F1xx_HAL_Driver/Src/stm32f1xx_hal_cortex.o
 .comment       0x00000043       0x44 ./Drivers/STM32F1xx_HAL_Driver/Src/stm32f1xx_hal_dma.o
 .comment       0x00000043       0x44 ./Drivers/STM32F1xx_HAL_Driver/Src/stm32f1xx_hal_gpio.o
 .comment       0x00000043       0x44 ./Drivers/STM32F1xx_HAL_Driver/Src/stm32f1xx_hal_i2c.o
 .comment       0x00000043       0x44 ./Drivers/STM32F1xx_HAL_Driver/Src/stm32f1xx_hal_rcc.o
 .comment       0x00000043       0x44 ./Drivers/STM32F1xx_HAL_Driver/Src/stm32f1xx_hal_uart.o

.debug_frame    0x00000000     0x2c48
 .debug_frame   0x00000000       0x30 ./Core/Src/general.o
 .debug_frame   0x00000030       0xe8 ./Core/Src/main.o
 .debug_frame   0x00000118      0x144 ./Core/Src/oled.o
 .debug_frame   0x0000025c       0x84 ./Core/Src/sim800l.o
 .debug_frame   0x000002e0       0xc8 ./Core/Src/stm32f1xx_hal_msp.o
 .debug_frame   0x000003a8      0x120 ./Core/Src/stm32f1xx_it.o
 .debug_frame   0x000004c8       0x58 ./Core/Src/system_stm32f1xx.o
 .debug_frame   0x00000520       0x38 ./Drivers/Middlewares/SSD1306/fonts.o
 .debug_frame   0x00000558      0x414 ./Drivers/Middlewares/SSD1306/ssd1306.o
 .debug_frame   0x0000096c      0x334 ./Drivers/STM32F1xx_HAL_Driver/Src/stm32f1xx_hal.o
 .debug_frame   0x00000ca0      0x428 ./Drivers/STM32F1xx_HAL_Driver/Src/stm32f1xx_hal_cortex.o
 .debug_frame   0x000010c8      0x208 ./Drivers/STM32F1xx_HAL_Driver/Src/stm32f1xx_hal_dma.o
 .debug_frame   0x000012d0      0x14c ./Drivers/STM32F1xx_HAL_Driver/Src/stm32f1xx_hal_gpio.o
 .debug_frame   0x0000141c      0xc84 ./Drivers/STM32F1xx_HAL_Driver/Src/stm32f1xx_hal_i2c.o
 .debug_frame   0x000020a0      0x218 ./Drivers/STM32F1xx_HAL_Driver/Src/stm32f1xx_hal_rcc.o
 .debug_frame   0x000022b8      0x944 ./Drivers/STM32F1xx_HAL_Driver/Src/stm32f1xx_hal_uart.o
 .debug_frame   0x00002bfc       0x20 E:/Program files/STM32CubeIDE_1.18.1/STM32CubeIDE/plugins/com.st.stm32cube.ide.mcu.externaltools.gnu-tools-for-stm32.13.3.rel1.win32_1.0.0.202411081344/tools/bin/../lib/gcc/arm-none-eabi/13.3.1/../../../../arm-none-eabi/lib/thumb/v7-m/nofp\libc_nano.a(libc_a-memset.o)
 .debug_frame   0x00002c1c       0x2c E:/Program files/STM32CubeIDE_1.18.1/STM32CubeIDE/plugins/com.st.stm32cube.ide.mcu.externaltools.gnu-tools-for-stm32.13.3.rel1.win32_1.0.0.202411081344/tools/bin/../lib/gcc/arm-none-eabi/13.3.1/../../../../arm-none-eabi/lib/thumb/v7-m/nofp\libc_nano.a(libc_a-init.o)

.debug_line_str
                0x00000000       0x75
 .debug_line_str
                0x00000000       0x75 ./Core/Startup/startup_stm32f103c8tx.o
